// Jest Snapshot v1, https://goo.gl/fbAQLP

exports[`<SubUrbanLayer /> should render SubUrbanLayer 1`] = `
Object {
  "asFragment": [Function],
  "baseElement": <body>
    <div>
      <style>
        
        .info {
        padding: 6px 8px;
        font: 14px/16px Arial, Helvetica, sans-serif;
        background: white;
        background: rgba(255, 255, 255, 0.8);
        box-shadow: 0 0 15px rgba(0, 0, 0, 0.2);
        border-radius: 5px;
      }

      .info h5 {
        margin: 0 0 5px;
        color: #777;
      }

      .legend {
        text-align: left;
        line-height: 18px;
        color: #555;
      }

      .legend i {
        width: 18px;
        height: 18px;
        float: left;
        margin-right: 8px;
        opacity: 0.7;
      }
      
      </style>
    </div>
  </body>,
  "container": <div>
    <style>
      
        .info {
        padding: 6px 8px;
        font: 14px/16px Arial, Helvetica, sans-serif;
        background: white;
        background: rgba(255, 255, 255, 0.8);
        box-shadow: 0 0 15px rgba(0, 0, 0, 0.2);
        border-radius: 5px;
      }

      .info h5 {
        margin: 0 0 5px;
        color: #777;
      }

      .legend {
        text-align: left;
        line-height: 18px;
        color: #555;
      }

      .legend i {
        width: 18px;
        height: 18px;
        float: left;
        margin-right: 8px;
        opacity: 0.7;
      }
      
    </style>
  </div>,
  "debug": [Function],
  "findAllByAltText": [Function],
  "findAllByDisplayValue": [Function],
  "findAllByLabelText": [Function],
  "findAllByPlaceholderText": [Function],
  "findAllByRole": [Function],
  "findAllByTestId": [Function],
  "findAllByText": [Function],
  "findAllByTitle": [Function],
  "findByAltText": [Function],
  "findByDisplayValue": [Function],
  "findByLabelText": [Function],
  "findByPlaceholderText": [Function],
  "findByRole": [Function],
  "findByTestId": [Function],
  "findByText": [Function],
  "findByTitle": [Function],
  "getAllByAltText": [Function],
  "getAllByDisplayValue": [Function],
  "getAllByLabelText": [Function],
  "getAllByPlaceholderText": [Function],
  "getAllByRole": [Function],
  "getAllByTestId": [Function],
  "getAllByText": [Function],
  "getAllByTitle": [Function],
  "getByAltText": [Function],
  "getByDisplayValue": [Function],
  "getByLabelText": [Function],
  "getByPlaceholderText": [Function],
  "getByRole": [Function],
  "getByTestId": [Function],
  "getByText": [Function],
  "getByTitle": [Function],
  "queryAllByAltText": [Function],
  "queryAllByDisplayValue": [Function],
  "queryAllByLabelText": [Function],
  "queryAllByPlaceholderText": [Function],
  "queryAllByRole": [Function],
  "queryAllByTestId": [Function],
  "queryAllByText": [Function],
  "queryAllByTitle": [Function],
  "queryByAltText": [Function],
  "queryByDisplayValue": [Function],
  "queryByLabelText": [Function],
  "queryByPlaceholderText": [Function],
  "queryByRole": [Function],
  "queryByTestId": [Function],
  "queryByText": [Function],
  "queryByTitle": [Function],
  "rerender": [Function],
  "unmount": [Function],
}
`;
