// Jest Snapshot v1, https://goo.gl/fbAQLP

exports[`iframe container component renders correctly 1`] = `ReactWrapper {}`;
