// Jest Snapshot v1, https://goo.gl/fbAQLP

exports[`message list component message list component should render just fine 1`] = `ShallowWrapper {}`;
