// Jest Snapshot v1, https://goo.gl/fbAQLP

exports[`news content page renders and matches the snapshot 1`] = `ReactWrapper {}`;
